fetching from Bazaar...
  fetched 100/14405
  fetched 200/14405
  fetched 300/14405
  fetched 400/14405
  fetched 500/14405
  fetched 600/14405
  fetched 700/14405
  fetched 800/14405
  fetched 900/14405
  fetched 1000/14405
  fetched 1100/14406
  fetched 1200/14406
  fetched 1300/14406
  fetched 1400/14406
  fetched 1500/14406
  fetched 1600/14406
  fetched 1700/14406
  fetched 1800/14406
  fetched 1900/14406
  fetched 2000/14406
  fetched 2100/14406
  fetched 2200/14406
  fetched 2300/14406
  fetched 2400/14406
  fetched 2500/14406
  fetched 2600/14406
  fetched 2700/14406
  fetched 2800/14406
  fetched 2900/14406
  fetched 3000/14406
  fetched 3100/14406
  fetched 3200/14406
  fetched 3300/14406
  fetched 3400/14406
  fetched 3500/14406
  fetched 3600/14406
  fetched 3700/14406
  fetched 3800/14406
  fetched 3900/14406
  fetched 4000/14406
  fetched 4100/14406
  fetched 4200/14406
  fetched 4300/14406
  fetched 4400/14406
  fetched 4500/14406
  fetched 4600/14406
  fetched 4700/14406
  fetched 4800/14406
  fetched 4900/14406
  fetched 5000/14406
  fetched 5100/14405
  fetched 5200/14405
  fetched 5300/14405
  fetched 5400/14405
  fetched 5500/14405
  fetched 5600/14405
  fetched 5700/14405
  fetched 5800/14405
  fetched 5900/14405
  fetched 6000/14405
  fetched 6100/14406
  fetched 6200/14406
  fetched 6300/14406
  fetched 6400/14406
  fetched 6500/14406
  fetched 6600/14406
  fetched 6700/14406
  fetched 6800/14406
  fetched 6900/14406
  fetched 7000/14406
  fetched 7100/14406
  fetched 7200/14406
  fetched 7300/14406
  fetched 7400/14406
  fetched 7500/14406
  fetched 7600/14406
  fetched 7700/14406
  fetched 7800/14406
  fetched 7900/14406
  fetched 8000/14406
  fetched 8100/14405
  fetched 8200/14405
  fetched 8300/14405
  fetched 8400/14405
  fetched 8500/14405
  fetched 8600/14405
  fetched 8700/14405
  fetched 8800/14405
  fetched 8900/14405
  fetched 9000/14405
  fetched 9100/14405
  fetched 9200/14405
  fetched 9300/14405
  fetched 9400/14405
  fetched 9500/14405
  fetched 9600/14405
  fetched 9700/14405
  fetched 9800/14405
  fetched 9900/14405
  fetched 10000/14405
  fetched 10100/14405
  fetched 10200/14405
  fetched 10300/14405
  fetched 10400/14405
  fetched 10500/14405
  fetched 10600/14405
  fetched 10700/14405
  fetched 10800/14405
  fetched 10900/14405
  fetched 11000/14405
  fetched 11100/14405
  fetched 11200/14405
  fetched 11300/14405
  fetched 11400/14405
  fetched 11500/14405
  fetched 11600/14405
  fetched 11700/14405
  fetched 11800/14405
  fetched 11900/14405
  fetched 12000/14405
  fetched 12100/14406
  fetched 12200/14406
  fetched 12300/14406
  fetched 12400/14406
  fetched 12500/14406
  fetched 12600/14406
  fetched 12700/14406
  fetched 12800/14406
  fetched 12900/14406
  fetched 13000/14406
  fetched 13100/14405
  fetched 13200/14405
  fetched 13300/14405
  fetched 13400/14405
  fetched 13500/14405
  fetched 13600/14405
  fetched 13700/14405
  fetched 13800/14405
  fetched 13900/14405
  fetched 14000/14405
  fetched 14100/14405
  fetched 14200/14405
  fetched 14300/14405
  fetched 14400/14405
  fetched 14405/14405
bazaar reports 14405 total resources; pulled 14405
deduped to 14404 unique resources
verifying through https://api.the402.dev/validate ...
  verified 25/14404
  verified 50/14404
  verified 75/14404
  verified 100/14404
  verified 125/14404
  verified 150/14404
  verified 175/14404
  verified 200/14404
  verified 225/14404
  verified 250/14404
  verified 275/14404
  verified 300/14404
  verified 325/14404
  verified 350/14404
  verified 375/14404
  verified 400/14404
  verified 425/14404
  verified 450/14404
  verified 475/14404
  verified 500/14404
  verified 525/14404
  verified 550/14404
  verified 575/14404
  verified 600/14404
  verified 625/14404
  verified 650/14404
  verified 675/14404
  verified 700/14404
  verified 725/14404
  verified 750/14404
  verified 775/14404
  verified 800/14404
  verified 825/14404
  verified 850/14404
  verified 875/14404
  verified 900/14404
  verified 925/14404
  verified 950/14404
  verified 975/14404
  verified 1000/14404
  verified 1025/14404
  verified 1050/14404
  verified 1075/14404
  verified 1100/14404
  verified 1125/14404
  verified 1150/14404
  verified 1175/14404
  verified 1200/14404
  verified 1225/14404
  verified 1250/14404
  verified 1275/14404
  verified 1300/14404
  verified 1325/14404
  verified 1350/14404
  verified 1375/14404
  verified 1400/14404
  verified 1425/14404
  verified 1450/14404
  verified 1475/14404
  verified 1500/14404
  verified 1525/14404
  verified 1550/14404
  verified 1575/14404
  verified 1600/14404
  verified 1625/14404
  verified 1650/14404
  verified 1675/14404
  verified 1700/14404
  verified 1725/14404
  verified 1750/14404
  verified 1775/14404
  verified 1800/14404
  verified 1825/14404
  verified 1850/14404
  verified 1875/14404
  verified 1900/14404
  verified 1925/14404
  verified 1950/14404
  verified 1975/14404
  verified 2000/14404
  verified 2025/14404
  verified 2050/14404
  verified 2075/14404
  verified 2100/14404
  verified 2125/14404
  verified 2150/14404
  verified 2175/14404
  verified 2200/14404
  verified 2225/14404
  verified 2250/14404
  verified 2275/14404
  verified 2300/14404
  verified 2325/14404
  verified 2350/14404
  verified 2375/14404
  verified 2400/14404
  verified 2425/14404
  verified 2450/14404
  verified 2475/14404
  verified 2500/14404
  verified 2525/14404
  verified 2550/14404
  verified 2575/14404
  verified 2600/14404
  verified 2625/14404
  verified 2650/14404
  verified 2675/14404
  verified 2700/14404
  verified 2725/14404
  verified 2750/14404
  verified 2775/14404
  verified 2800/14404
  verified 2825/14404
  verified 2850/14404
  verified 2875/14404
  verified 2900/14404
  verified 2925/14404
  verified 2950/14404
  verified 2975/14404
  verified 3000/14404
  verified 3025/14404
  verified 3050/14404
  verified 3075/14404
  verified 3100/14404
  verified 3125/14404
  verified 3150/14404
  verified 3175/14404
  verified 3200/14404
  verified 3225/14404
  verified 3250/14404
  verified 3275/14404
  verified 3300/14404
  verified 3325/14404
  verified 3350/14404
  verified 3375/14404
  verified 3400/14404
  verified 3425/14404
  verified 3450/14404
  verified 3475/14404
  verified 3500/14404
  verified 3525/14404
  verified 3550/14404
  verified 3575/14404
  verified 3600/14404
  verified 3625/14404
  verified 3650/14404
  verified 3675/14404
  verified 3700/14404
  verified 3725/14404
  verified 3750/14404
  verified 3775/14404
  verified 3800/14404
  verified 3825/14404
  verified 3850/14404
  verified 3875/14404
  verified 3900/14404
  verified 3925/14404
  verified 3950/14404
  verified 3975/14404
  verified 4000/14404
  verified 4025/14404
  verified 4050/14404
  verified 4075/14404
  verified 4100/14404
  verified 4125/14404
  verified 4150/14404
  verified 4175/14404
  verified 4200/14404
  verified 4225/14404
  verified 4250/14404
  verified 4275/14404
  verified 4300/14404
  verified 4325/14404
  verified 4350/14404
  verified 4375/14404
  verified 4400/14404
  verified 4425/14404
  verified 4450/14404
  verified 4475/14404
  verified 4500/14404
  verified 4525/14404
  verified 4550/14404
  verified 4575/14404
  verified 4600/14404
  verified 4625/14404
  verified 4650/14404
  verified 4675/14404
  verified 4700/14404
  verified 4725/14404
  verified 4750/14404
  verified 4775/14404
  verified 4800/14404
  verified 4825/14404
  verified 4850/14404
  verified 4875/14404
  verified 4900/14404
  verified 4925/14404
  verified 4950/14404
  verified 4975/14404
  verified 5000/14404
  verified 5025/14404
  verified 5050/14404
  verified 5075/14404
  verified 5100/14404
  verified 5125/14404
  verified 5150/14404
  verified 5175/14404
  verified 5200/14404
  verified 5225/14404
  verified 5250/14404
  verified 5275/14404
  verified 5300/14404
  verified 5325/14404
  verified 5350/14404
  verified 5375/14404
  verified 5400/14404
  verified 5425/14404
  verified 5450/14404
  verified 5475/14404
  verified 5500/14404
  verified 5525/14404
  verified 5550/14404
  verified 5575/14404
  verified 5600/14404
  verified 5625/14404
  verified 5650/14404
  verified 5675/14404
  verified 5700/14404
  verified 5725/14404
  verified 5750/14404
  verified 5775/14404
  verified 5800/14404
  verified 5825/14404
  verified 5850/14404
  verified 5875/14404
  verified 5900/14404
  verified 5925/14404
  verified 5950/14404
  verified 5975/14404
  verified 6000/14404
  verified 6025/14404
  verified 6050/14404
  verified 6075/14404
  verified 6100/14404
  verified 6125/14404
  verified 6150/14404
  verified 6175/14404
  verified 6200/14404
  verified 6225/14404
  verified 6250/14404
  verified 6275/14404
  verified 6300/14404
  verified 6325/14404
  verified 6350/14404
  verified 6375/14404
  verified 6400/14404
  verified 6425/14404
  verified 6450/14404
  verified 6475/14404
  verified 6500/14404
  verified 6525/14404
  verified 6550/14404
  verified 6575/14404
  verified 6600/14404
  verified 6625/14404
  verified 6650/14404
  verified 6675/14404
  verified 6700/14404
  verified 6725/14404
  verified 6750/14404
  verified 6775/14404
  verified 6800/14404
  verified 6825/14404
  verified 6850/14404
  verified 6875/14404
  verified 6900/14404
  verified 6925/14404
  verified 6950/14404
  verified 6975/14404
  verified 7000/14404
  verified 7025/14404
  verified 7050/14404
  verified 7075/14404
  verified 7100/14404
  verified 7125/14404
  verified 7150/14404
  verified 7175/14404
  verified 7200/14404
  verified 7225/14404
  verified 7250/14404
  verified 7275/14404
  verified 7300/14404
  verified 7325/14404
  verified 7350/14404
  verified 7375/14404
  verified 7400/14404
  verified 7425/14404
  verified 7450/14404
  verified 7475/14404
  verified 7500/14404
  verified 7525/14404
  verified 7550/14404
  verified 7575/14404
  verified 7600/14404
  verified 7625/14404
  verified 7650/14404
  verified 7675/14404
  verified 7700/14404
  verified 7725/14404
  verified 7750/14404
  verified 7775/14404
  verified 7800/14404
  verified 7825/14404
  verified 7850/14404
  verified 7875/14404
  verified 7900/14404
  verified 7925/14404
  verified 7950/14404
  verified 7975/14404
  verified 8000/14404
  verified 8025/14404
  verified 8050/14404
  verified 8075/14404
  verified 8100/14404
  verified 8125/14404
  verified 8150/14404
  verified 8175/14404
  verified 8200/14404
  verified 8225/14404
  verified 8250/14404
  verified 8275/14404
  verified 8300/14404
  verified 8325/14404
  verified 8350/14404
  verified 8375/14404
  verified 8400/14404
  verified 8425/14404
  verified 8450/14404
  verified 8475/14404
  verified 8500/14404
  verified 8525/14404
  verified 8550/14404
  verified 8575/14404
  verified 8600/14404
  verified 8625/14404
  verified 8650/14404
  verified 8675/14404
  verified 8700/14404
  verified 8725/14404
  verified 8750/14404
  verified 8775/14404
  verified 8800/14404
  verified 8825/14404
  verified 8850/14404
  verified 8875/14404
  verified 8900/14404
  verified 8925/14404
  verified 8950/14404
  verified 8975/14404
  verified 9000/14404
  verified 9025/14404
  verified 9050/14404
  verified 9075/14404
  verified 9100/14404
  verified 9125/14404
  verified 9150/14404
  verified 9175/14404
  verified 9200/14404
  verified 9225/14404
  verified 9250/14404
  verified 9275/14404
  verified 9300/14404
  verified 9325/14404
  verified 9350/14404
  verified 9375/14404
  verified 9400/14404
  verified 9425/14404
  verified 9450/14404
  verified 9475/14404
  verified 9500/14404
  verified 9525/14404
  verified 9550/14404
  verified 9575/14404
  verified 9600/14404
  verified 9625/14404
  verified 9650/14404
  verified 9675/14404
  verified 9700/14404
  verified 9725/14404
  verified 9750/14404
  verified 9775/14404
  verified 9800/14404
  verified 9825/14404
  verified 9850/14404
  verified 9875/14404
  verified 9900/14404
  verified 9925/14404
  verified 9950/14404
  verified 9975/14404
  verified 10000/14404
  verified 10025/14404
  verified 10050/14404
  verified 10075/14404
  verified 10100/14404
  verified 10125/14404
  verified 10150/14404
  verified 10175/14404
  verified 10200/14404
  verified 10225/14404
  verified 10250/14404
  verified 10275/14404
  verified 10300/14404
  verified 10325/14404
  verified 10350/14404
  verified 10375/14404
  verified 10400/14404
  verified 10425/14404
  verified 10450/14404
  verified 10475/14404
  verified 10500/14404
  verified 10525/14404
  verified 10550/14404
  verified 10575/14404
  verified 10600/14404
  verified 10625/14404
  verified 10650/14404
  verified 10675/14404
  verified 10700/14404
  verified 10725/14404
  verified 10750/14404
  verified 10775/14404
  verified 10800/14404
  verified 10825/14404
  verified 10850/14404
  verified 10875/14404
  verified 10900/14404
  verified 10925/14404
  verified 10950/14404
  verified 10975/14404
  verified 11000/14404
  verified 11025/14404
  verified 11050/14404
  verified 11075/14404
  verified 11100/14404
  verified 11125/14404
  verified 11150/14404
  verified 11175/14404
  verified 11200/14404
  verified 11225/14404
  verified 11250/14404
  verified 11275/14404
  verified 11300/14404
  verified 11325/14404
  verified 11350/14404
  verified 11375/14404
  verified 11400/14404
  verified 11425/14404
  verified 11450/14404
  verified 11475/14404
  verified 11500/14404
  verified 11525/14404
  verified 11550/14404
  verified 11575/14404
  verified 11600/14404
  verified 11625/14404
  verified 11650/14404
  verified 11675/14404
  verified 11700/14404
  verified 11725/14404
  verified 11750/14404
  verified 11775/14404
  verified 11800/14404
  verified 11825/14404
  verified 11850/14404
  verified 11875/14404
  verified 11900/14404
  verified 11925/14404
  verified 11950/14404
  verified 11975/14404
  verified 12000/14404
  verified 12025/14404
  verified 12050/14404
  verified 12075/14404
  verified 12100/14404
  verified 12125/14404
  verified 12150/14404
  verified 12175/14404
  verified 12200/14404
  verified 12225/14404
  verified 12250/14404
  verified 12275/14404
  verified 12300/14404
  verified 12325/14404
  verified 12350/14404
  verified 12375/14404
  verified 12400/14404
  verified 12425/14404
  verified 12450/14404
  verified 12475/14404
  verified 12500/14404
  verified 12525/14404
  verified 12550/14404
  verified 12575/14404
  verified 12600/14404
  verified 12625/14404
  verified 12650/14404
  verified 12675/14404
  verified 12700/14404
  verified 12725/14404
  verified 12750/14404
  verified 12775/14404
  verified 12800/14404
  verified 12825/14404
  verified 12850/14404
  verified 12875/14404
  verified 12900/14404
  verified 12925/14404
  verified 12950/14404
  verified 12975/14404
  verified 13000/14404
  verified 13025/14404
  verified 13050/14404
  verified 13075/14404
  verified 13100/14404
  verified 13125/14404
  verified 13150/14404
  verified 13175/14404
  verified 13200/14404
  verified 13225/14404
  verified 13250/14404
  verified 13275/14404
  verified 13300/14404
  verified 13325/14404
  verified 13350/14404
  verified 13375/14404
  verified 13400/14404
  verified 13425/14404
  verified 13450/14404
  verified 13475/14404
  verified 13500/14404
  verified 13525/14404
  verified 13550/14404
  verified 13575/14404
  verified 13600/14404
  verified 13625/14404
  verified 13650/14404
  verified 13675/14404
  verified 13700/14404
  verified 13725/14404
  verified 13750/14404
  verified 13775/14404
  verified 13800/14404
  verified 13825/14404
  verified 13850/14404
  verified 13875/14404
  verified 13900/14404
  verified 13925/14404
  verified 13950/14404
  verified 13975/14404
  verified 14000/14404
  verified 14025/14404
  verified 14050/14404
  verified 14075/14404
  verified 14100/14404
  verified 14125/14404
  verified 14150/14404
  verified 14175/14404
  verified 14200/14404
  verified 14225/14404
  verified 14250/14404
  verified 14275/14404
  verified 14300/14404
  verified 14325/14404
  verified 14350/14404
  verified 14375/14404
  verified 14400/14404

wrote 14404 entries to data/verified-full.json
  payable        12939
  skipped        772
  not-x402       640
  unreachable    51
  check-failed   1
  malformed      1
